Java HotSpot(TM) 64-Bit Server VM (25.40-b25) for linux-amd64 JRE (1.8.0_40-b25), built on Feb 10 2015 21:29:53 by "java_re" with gcc 4.3.0 20080428 (Red Hat 4.3.0-8)
Memory: 4k page, physical 8060108k(1871532k free), swap 7699452k(7670580k free)
CommandLine flags: -XX:InitialHeapSize=1073741824 -XX:MaxHeapSize=1073741824 -XX:+PrintGC -XX:+PrintGCDetails -XX:+PrintGCTimeStamps -XX:+UseCompressedClassPointers -XX:+UseCompressedOops -XX:+UseParallelGC 
0,311: [GC (Allocation Failure) [PSYoungGen: 262144K->6384K(305664K)] 262144K->6392K(1005056K), 0,0038998 secs] [Times: user=0,00 sys=0,01, real=0,00 secs] 
0,434: [GC (Allocation Failure) [PSYoungGen: 268528K->5600K(305664K)] 268536K->5616K(1005056K), 0,0027092 secs] [Times: user=0,01 sys=0,00, real=0,01 secs] 
0,530: [GC (Allocation Failure) [PSYoungGen: 267744K->12368K(305664K)] 267760K->12392K(1005056K), 0,0059061 secs] [Times: user=0,02 sys=0,00, real=0,01 secs] 
0,643: [GC (Allocation Failure) [PSYoungGen: 274512K->8032K(305664K)] 274536K->8056K(1005056K), 0,0035639 secs] [Times: user=0,01 sys=0,00, real=0,00 secs] 
0,735: [GC (Allocation Failure) [PSYoungGen: 270176K->13440K(305664K)] 270200K->13464K(1005056K), 0,0062822 secs] [Times: user=0,01 sys=0,00, real=0,01 secs] 
0,849: [GC (Allocation Failure) [PSYoungGen: 275584K->9472K(334848K)] 275608K->9496K(1034240K), 0,0054902 secs] [Times: user=0,00 sys=0,01, real=0,00 secs] 
0,975: [GC (Allocation Failure) [PSYoungGen: 329472K->14336K(334336K)] 329496K->23848K(1033728K), 0,0094428 secs] [Times: user=0,03 sys=0,00, real=0,01 secs] 
1,108: [GC (Allocation Failure) [PSYoungGen: 334336K->14848K(309760K)] 343848K->37825K(1009152K), 0,0082750 secs] [Times: user=0,01 sys=0,01, real=0,01 secs] 
1,244: [GC (Allocation Failure) [PSYoungGen: 309760K->27136K(322048K)] 332737K->60781K(1021440K), 0,0106594 secs] [Times: user=0,01 sys=0,01, real=0,01 secs] 
1,362: [GC (Allocation Failure) [PSYoungGen: 322048K->25856K(301568K)] 355693K->59501K(1000960K), 0,0154088 secs] [Times: user=0,03 sys=0,00, real=0,02 secs] 
1,478: [GC (Allocation Failure) [PSYoungGen: 300288K->33024K(307712K)] 333933K->66669K(1007104K), 0,0072900 secs] [Times: user=0,02 sys=0,00, real=0,00 secs] 
1,571: [GC (Allocation Failure) [PSYoungGen: 307456K->40960K(286720K)] 341101K->86873K(986112K), 0,0139532 secs] [Times: user=0,03 sys=0,00, real=0,01 secs] 
1,691: [GC (Allocation Failure) [PSYoungGen: 286720K->18656K(297472K)] 332633K->64585K(996864K), 0,0061927 secs] [Times: user=0,02 sys=0,00, real=0,01 secs] 
1,779: [GC (Allocation Failure) [PSYoungGen: 264416K->16416K(301568K)] 310345K->62345K(1000960K), 0,0038292 secs] [Times: user=0,01 sys=0,00, real=0,00 secs] 
1,883: [GC (Allocation Failure) [PSYoungGen: 268832K->33728K(286208K)] 314761K->79657K(985600K), 0,0085550 secs] [Times: user=0,02 sys=0,00, real=0,01 secs] 
1,999: [GC (Allocation Failure) [PSYoungGen: 286144K->5024K(299520K)] 332073K->50961K(998912K), 0,0015993 secs] [Times: user=0,01 sys=0,00, real=0,00 secs] 
2,073: [GC (Allocation Failure) [PSYoungGen: 254880K->14336K(299520K)] 300817K->60377K(998912K), 0,0034479 secs] [Times: user=0,01 sys=0,00, real=0,01 secs] 
2,157: [GC (Allocation Failure) [PSYoungGen: 264192K->11200K(302592K)] 310233K->57241K(1001984K), 0,0023885 secs] [Times: user=0,01 sys=0,00, real=0,00 secs] 
2,237: [GC (Allocation Failure) [PSYoungGen: 265664K->15616K(301056K)] 311705K->61665K(1000448K), 0,0029321 secs] [Times: user=0,01 sys=0,00, real=0,00 secs] 
2,330: [GC (Allocation Failure) [PSYoungGen: 270080K->16064K(306688K)] 316129K->62129K(1006080K), 0,0028480 secs] [Times: user=0,01 sys=0,00, real=0,00 secs] 
2,417: [GC (Allocation Failure) [PSYoungGen: 278208K->17408K(304640K)] 324273K->63481K(1004032K), 0,0032167 secs] [Times: user=0,01 sys=0,00, real=0,00 secs] 
2,526: [GC (Allocation Failure) [PSYoungGen: 279552K->23840K(308736K)] 325625K->69913K(1008128K), 0,0043323 secs] [Times: user=0,01 sys=0,00, real=0,01 secs] 
2,631: [GC (Allocation Failure) [PSYoungGen: 292128K->19616K(308736K)] 338201K->65705K(1008128K), 0,0048531 secs] [Times: user=0,02 sys=0,00, real=0,01 secs] 
2,742: [GC (Allocation Failure) [PSYoungGen: 287904K->26912K(308736K)] 333993K->73001K(1008128K), 0,0044806 secs] [Times: user=0,02 sys=0,00, real=0,00 secs] 
2,852: [GC (Allocation Failure) [PSYoungGen: 297248K->28608K(299008K)] 343337K->74697K(998400K), 0,0050515 secs] [Times: user=0,02 sys=0,00, real=0,01 secs] 
2,968: [GC (Allocation Failure) [PSYoungGen: 298944K->28800K(306688K)] 345033K->74889K(1006080K), 0,0047340 secs] [Times: user=0,02 sys=0,00, real=0,00 secs] 
3,084: [GC (Allocation Failure) [PSYoungGen: 295040K->30176K(296448K)] 341129K->76273K(995840K), 0,0057213 secs] [Times: user=0,02 sys=0,01, real=0,01 secs] 
3,195: [GC (Allocation Failure) [PSYoungGen: 296416K->32352K(303104K)] 342513K->78449K(1002496K), 0,0052810 secs] [Times: user=0,02 sys=0,00, real=0,01 secs] 
3,320: [GC (Allocation Failure) [PSYoungGen: 292448K->38016K(298496K)] 338545K->84113K(997888K), 0,0061098 secs] [Times: user=0,02 sys=0,00, real=0,00 secs] 
3,417: [GC (Allocation Failure) [PSYoungGen: 298112K->29664K(301568K)] 344209K->75761K(1000960K), 0,0061327 secs] [Times: user=0,02 sys=0,00, real=0,00 secs] 
3,543: [GC (Allocation Failure) [PSYoungGen: 283104K->34144K(287744K)] 329201K->80249K(987136K), 0,0076002 secs] [Times: user=0,03 sys=0,00, real=0,01 secs] 
3,660: [GC (Allocation Failure) [PSYoungGen: 287584K->48640K(288256K)] 333689K->95558K(987648K), 0,0101982 secs] [Times: user=0,03 sys=0,00, real=0,01 secs] 
3,774: [GC (Allocation Failure) [PSYoungGen: 288256K->49280K(289280K)] 335174K->96206K(988672K), 0,0072682 secs] [Times: user=0,02 sys=0,00, real=0,01 secs] 
3,892: [GC (Allocation Failure) [PSYoungGen: 288896K->43168K(286208K)] 335822K->90102K(985600K), 0,0086456 secs] [Times: user=0,03 sys=0,00, real=0,01 secs] 
4,016: [GC (Allocation Failure) [PSYoungGen: 269472K->43072K(269824K)] 316406K->90006K(969216K), 0,0067053 secs] [Times: user=0,02 sys=0,00, real=0,00 secs] 
4,126: [GC (Allocation Failure) [PSYoungGen: 269376K->42048K(285184K)] 316310K->88982K(984576K), 0,0084675 secs] [Times: user=0,03 sys=0,00, real=0,01 secs] 
4,253: [GC (Allocation Failure) [PSYoungGen: 264256K->49408K(271872K)] 311190K->96342K(971264K), 0,0078007 secs] [Times: user=0,03 sys=0,00, real=0,01 secs] 
4,381: [GC (Allocation Failure) [PSYoungGen: 271616K->46304K(281088K)] 318550K->93238K(980480K), 0,0098646 secs] [Times: user=0,03 sys=0,00, real=0,01 secs] 
4,483: [GC (Allocation Failure) [PSYoungGen: 261344K->61408K(276480K)] 308278K->108342K(975872K), 0,0110094 secs] [Times: user=0,04 sys=0,00, real=0,01 secs] 
4,610: [GC (Allocation Failure) [PSYoungGen: 276448K->42592K(278016K)] 323382K->89534K(977408K), 0,0076834 secs] [Times: user=0,02 sys=0,00, real=0,01 secs] 
4,710: [GC (Allocation Failure) [PSYoungGen: 247904K->60064K(265728K)] 294846K->107006K(965120K), 0,0117246 secs] [Times: user=0,05 sys=0,00, real=0,01 secs] 
4,836: [GC (Allocation Failure) [PSYoungGen: 265376K->52544K(272384K)] 312318K->99486K(971776K), 0,0093208 secs] [Times: user=0,02 sys=0,00, real=0,00 secs] 
4,954: [GC (Allocation Failure) [PSYoungGen: 249152K->51392K(272896K)] 296094K->98334K(972288K), 0,0106456 secs] [Times: user=0,04 sys=0,00, real=0,01 secs] 
5,056: [GC (Allocation Failure) [PSYoungGen: 248000K->64800K(263680K)] 294942K->111742K(963072K), 0,0112541 secs] [Times: user=0,04 sys=0,00, real=0,00 secs] 
5,168: [GC (Allocation Failure) [PSYoungGen: 252192K->57248K(244736K)] 299134K->104190K(944128K), 0,0109451 secs] [Times: user=0,04 sys=0,00, real=0,01 secs] 
5,296: [GC (Allocation Failure) [PSYoungGen: 244640K->49856K(269824K)] 291582K->96798K(969216K), 0,0111979 secs] [Times: user=0,04 sys=0,00, real=0,01 secs] 
5,412: [GC (Allocation Failure) [PSYoungGen: 237760K->67392K(255488K)] 284702K->114334K(954880K), 0,0138463 secs] [Times: user=0,05 sys=0,00, real=0,01 secs] 
5,540: [GC (Allocation Failure) [PSYoungGen: 255295K->62304K(263168K)] 302237K->109246K(962560K), 0,0119084 secs] [Times: user=0,04 sys=0,00, real=0,01 secs] 
5,667: [GC (Allocation Failure) [PSYoungGen: 241504K->40320K(264192K)] 288446K->87262K(963584K), 0,0071149 secs] [Times: user=0,03 sys=0,00, real=0,01 secs] 
Heap
 PSYoungGen      total 264192K, used 66791K [0x00000000eab00000, 0x0000000100000000, 0x0000000100000000)
  eden space 179200K, 14% used [0x00000000eab00000,0x00000000ec4d9f90,0x00000000f5a00000)
  from space 84992K, 47% used [0x00000000f5a00000,0x00000000f8160000,0x00000000fad00000)
  to   space 83456K, 0% used [0x00000000fae80000,0x00000000fae80000,0x0000000100000000)
 ParOldGen       total 699392K, used 46942K [0x00000000c0000000, 0x00000000eab00000, 0x00000000eab00000)
  object space 699392K, 6% used [0x00000000c0000000,0x00000000c2dd78e8,0x00000000eab00000)
 Metaspace       used 4481K, capacity 4898K, committed 4992K, reserved 1056768K
  class space    used 490K, capacity 569K, committed 640K, reserved 1048576K
