Java HotSpot(TM) 64-Bit Server VM (25.40-b25) for linux-amd64 JRE (1.8.0_40-b25), built on Feb 10 2015 21:29:53 by "java_re" with gcc 4.3.0 20080428 (Red Hat 4.3.0-8)
Memory: 4k page, physical 8060108k(1925288k free), swap 7699452k(7670576k free)
CommandLine flags: -XX:InitialHeapSize=1073741824 -XX:MaxHeapSize=1073741824 -XX:+PrintGC -XX:+PrintGCDetails -XX:+PrintGCTimeStamps -XX:+UseCompressedClassPointers -XX:+UseCompressedOops -XX:+UseParallelGC 
5,678: [GC (Allocation Failure) [PSYoungGen: 262144K->3456K(305664K)] 262144K->3464K(1005056K), 0,0029061 secs] [Times: user=0,01 sys=0,00, real=0,00 secs] 
5,793: [GC (Allocation Failure) [PSYoungGen: 265600K->2928K(305664K)] 265608K->2944K(1005056K), 0,0026482 secs] [Times: user=0,00 sys=0,01, real=0,01 secs] 
5,876: [GC (Allocation Failure) [PSYoungGen: 265072K->15728K(305664K)] 265088K->15744K(1005056K), 0,0058559 secs] [Times: user=0,01 sys=0,00, real=0,00 secs] 
5,962: [GC (Allocation Failure) [PSYoungGen: 277872K->15632K(305664K)] 277888K->15648K(1005056K), 0,0050344 secs] [Times: user=0,02 sys=0,00, real=0,01 secs] 
6,054: [GC (Allocation Failure) [PSYoungGen: 277776K->15440K(305664K)] 277792K->15456K(1005056K), 0,0038425 secs] [Times: user=0,01 sys=0,00, real=0,00 secs] 
6,152: [GC (Allocation Failure) [PSYoungGen: 277584K->13552K(326656K)] 277600K->13568K(1026048K), 0,0062794 secs] [Times: user=0,01 sys=0,00, real=0,01 secs] 
6,250: [GC (Allocation Failure) [PSYoungGen: 317680K->22528K(326656K)] 317696K->26983K(1026048K), 0,0061438 secs] [Times: user=0,02 sys=0,00, real=0,01 secs] 
6,349: [GC (Allocation Failure) [PSYoungGen: 326656K->22528K(307200K)] 331111K->29894K(1006592K), 0,0078673 secs] [Times: user=0,02 sys=0,00, real=0,01 secs] 
6,445: [GC (Allocation Failure) [PSYoungGen: 307200K->28160K(312832K)] 314566K->35526K(1012224K), 0,0044783 secs] [Times: user=0,02 sys=0,00, real=0,00 secs] 
6,530: [GC (Allocation Failure) [PSYoungGen: 312832K->32032K(305152K)] 320198K->39398K(1004544K), 0,0068836 secs] [Times: user=0,03 sys=0,00, real=0,01 secs] 
6,625: [GC (Allocation Failure) [PSYoungGen: 301344K->37792K(307200K)] 308710K->45166K(1006592K), 0,0070122 secs] [Times: user=0,02 sys=0,00, real=0,00 secs] 
6,711: [GC (Allocation Failure) [PSYoungGen: 307104K->37504K(292864K)] 314478K->44878K(992256K), 0,0061527 secs] [Times: user=0,02 sys=0,00, real=0,01 secs] 
6,799: [GC (Allocation Failure) [PSYoungGen: 288384K->33888K(285184K)] 295758K->41262K(984576K), 0,0069597 secs] [Times: user=0,02 sys=0,00, real=0,01 secs] 
6,880: [GC (Allocation Failure) [PSYoungGen: 284768K->50400K(283136K)] 292142K->57782K(982528K), 0,0082095 secs] [Times: user=0,03 sys=0,00, real=0,01 secs] 
6,964: [GC (Allocation Failure) [PSYoungGen: 282848K->26144K(290816K)] 290230K->33526K(990208K), 0,0045131 secs] [Times: user=0,02 sys=0,00, real=0,01 secs] 
Heap
 PSYoungGen      total 290816K, used 110796K [0x00000000eab00000, 0x0000000100000000, 0x0000000100000000)
  eden space 232448K, 36% used [0x00000000eab00000,0x00000000efdab0a0,0x00000000f8e00000)
  from space 58368K, 44% used [0x00000000f8e00000,0x00000000fa788000,0x00000000fc700000)
  to   space 55296K, 0% used [0x00000000fca00000,0x00000000fca00000,0x0000000100000000)
 ParOldGen       total 699392K, used 7382K [0x00000000c0000000, 0x00000000eab00000, 0x00000000eab00000)
  object space 699392K, 1% used [0x00000000c0000000,0x00000000c0735b98,0x00000000eab00000)
 Metaspace       used 5099K, capacity 5260K, committed 5376K, reserved 1056768K
  class space    used 569K, capacity 664K, committed 768K, reserved 1048576K
